/home/andrew/www/audio/meeting-bell/medium-bell.wav
/home/andrew/www/audio/coffee-triangle/short-triangle.wav
/home/andrew/www/audio/coffee-triangle/medium-triangle.wav
/home/andrew/www/audio/meeting-bell/short-bell.wav
/home/andrew/www/audio/meeting-bell/medium-bell.wav
/home/andrew/www/audio/coffee-triangle/short-triangle.wav
/home/andrew/www/audio/coffee-triangle/medium-triangle.wav
/home/andrew/www/audio/lunch-train/medium-whistle.wav
/home/andrew/www/audio/coffee-triangle/medium-triangle.wav
/home/andrew/www/audio/coffee-triangle/long-triangle.wav
/home/andrew/www/audio/coffee-triangle/short-triangle.wav
/home/andrew/www/audio/coffee-triangle/medium-triangle.wav
/home/andrew/www/audio/coffee-triangle/short-triangle.wav
/home/andrew/www/audio/lunch-train/short-whistle.wav
/home/andrew/www/audio/coffee-triangle/short-triangle.wav
/home/andrew/www/audio/coffee-triangle/short-triangle.wav
/home/andrew/www/audio/coffee-triangle/medium-triangle.wav
/home/andrew/www/audio/lunch-train/short-whistle.wav
